./gradlew : WARNING: A restricted method in java.lang.System has been called
所在位置 行:1 字符: 1
+ ./gradlew compileJava > compile_output.txt 2>&1
+ ~~~~~~~~~~~~~~~~~~~~~~~~~~~~~~~~~~~~~~~~~~~~~~~
    + CategoryInfo          : NotSpecified: (WARNING: A rest...has been called:String) [], RemoteException
    + FullyQualifiedErrorId : NativeCommandError
 
WARNING: java.lang.System::load has been called by net.rubygrapefruit.platform.internal.NativeLibraryLoader in an unnamed module (file:/C:/Users/25732/.gradle/wrapper/d
ists/gradle-8.5-bin/5t9huq95ubn472n8rpzujfbqh/gradle-8.5/lib/native-platform-0.22-milestone-25.jar)
WARNING: Use --enable-native-access=ALL-UNNAMED to avoid a warning for callers in this module
WARNING: Restricted methods will be blocked in a future release unless native access is enabled

To honour the JVM settings for this build a single-use Daemon process will be forked. For more on this, please refer to https://docs.gradle.org/8.5/userguide/gradle_daemon.html#sec:disabling_the_daemon in the Gradle documentation.
Daemon will be stopped at the end of the build 
Directory 'D:\Environment variable\Java\Java8' (Windows Registry) used for java installations does not exist
Directory 'D:\Environment variable\Java\Java24' (Windows Registry) used for java installations does not exist
Directory 'D:\Environment variable\Java\Java21' (Windows Registry) used for java installations does not exist
Directory 'D:\Environment variable\Java\Java8' (Windows Registry) used for java installations does not exist
Directory 'D:\Environment variable\Java\Java17' (Windows Registry) used for java installations does not exist

D:\桌面\Aris-Sweeping\src\main\java\com\xiaoxiao\arissweeping\command\impl\ConfigUpdateCommand.java:262: 错误: 类重复: com.xiaoxiao.arissweeping.command.impl.BatchConfigUpdate
Command
class BatchConfigUpdateCommand implements Command {
> Task :compileJava
^
D:\桌面\Aris-Sweeping\src\main\java\com\xiaoxiao\arissweeping\command\impl\StrategyExecutionCommand.java:292: 错误: 类重复: com.xiaoxiao.arissweeping.command.impl.BatchStrateg
yExecutionCommand
class BatchStrategyExecutionCommand implements Command {
^
D:\桌面\Aris-Sweeping\src\main\java\com\xiaoxiao\arissweeping\adaptive\AdaptiveCleanupIntegration.java:4: 错误: 找不到符号
import com.xiaoxiao.arissweeping.cleanup.EntityCleanupHandler;
                                        ^
  符号:   类 EntityCleanupHandler
  位置: 程序包 com.xiaoxiao.arissweeping.cleanup
D:\桌面\Aris-Sweeping\src\main\java\com\xiaoxiao\arissweeping\adaptive\AdaptiveCleanupIntegration.java:19: 错误: 找不到符号
    private final EntityCleanupHandler originalHandler;
                  ^
  符号:   类 EntityCleanupHandler
  位置: 类 AdaptiveCleanupIntegration
D:\桌面\Aris-Sweeping\src\main\java\com\xiaoxiao\arissweeping\command\impl\BatchConfigUpdateCommand.java:4: 错误: 找不到符号
import com.xiaoxiao.arissweeping.command.CommandResult;
                                        ^
  符号:   类 CommandResult
  位置: 程序包 com.xiaoxiao.arissweeping.command
D:\桌面\Aris-Sweeping\src\main\java\com\xiaoxiao\arissweeping\command\impl\BatchConfigUpdateCommand.java:5: 错误: 找不到符号
import com.xiaoxiao.arissweeping.command.CommandType;
                                        ^
  符号:   类 CommandType
  位置: 程序包 com.xiaoxiao.arissweeping.command
D:\桌面\Aris-Sweeping\src\main\java\com\xiaoxiao\arissweeping\command\impl\BatchStrategyExecutionCommand.java:4: 错误: 找不到符号
import com.xiaoxiao.arissweeping.command.CommandResult;
                                        ^
  符号:   类 CommandResult
  位置: 程序包 com.xiaoxiao.arissweeping.command
D:\桌面\Aris-Sweeping\src\main\java\com\xiaoxiao\arissweeping\command\impl\BatchStrategyExecutionCommand.java:5: 错误: 找不到符号
import com.xiaoxiao.arissweeping.command.CommandType;
                                        ^
  符号:   类 CommandType
  位置: 程序包 com.xiaoxiao.arissweeping.command
D:\桌面\Aris-Sweeping\src\main\java\com\xiaoxiao\arissweeping\command\impl\DelayedCommand.java:4: 错误: 找不到符号
import com.xiaoxiao.arissweeping.command.CommandResult;
                                        ^
  符号:   类 CommandResult
  位置: 程序包 com.xiaoxiao.arissweeping.command
D:\桌面\Aris-Sweeping\src\main\java\com\xiaoxiao\arissweeping\command\impl\DelayedCommand.java:5: 错误: 找不到符号
import com.xiaoxiao.arissweeping.command.CommandType;
                                        ^
  符号:   类 CommandType
  位置: 程序包 com.xiaoxiao.arissweeping.command
D:\桌面\Aris-Sweeping\src\main\java\com\xiaoxiao\arissweeping\chain\handlers\ArrowAgeCheckHandler.java:47: 错误: 找不到符号
            context.getStats().incrementArrowsCleaned();
                              ^
  符号:   方法 incrementArrowsCleaned()
  位置: 类 CleanupStats
D:\桌面\Aris-Sweeping\src\main\java\com\xiaoxiao\arissweeping\chain\handlers\ExperienceOrbAgeCheckHandler.java:39: 错误: 找不到符号
        context.getStats().incrementExperienceOrbsCleaned();
                          ^
  符号:   方法 incrementExperienceOrbsCleaned()
  位置: 类 CleanupStats
D:\桌面\Aris-Sweeping\src\main\java\com\xiaoxiao\arissweeping\command\CommandFactory.java:51: 错误: 找不到符号
            .entities(entities)
            ^
  符号:   方法 entities(List<Entity>)
  位置: 类 Builder
D:\桌面\Aris-Sweeping\src\main\java\com\xiaoxiao\arissweeping\command\CommandFactory.java:74: 错误: 无法将类 BatchConfigUpdateCommand中的构造器 BatchConfigUpdateCommand应用到给定类型;
        return new BatchConfigUpdateCommand(plugin, eventManager, configUpdates);
               ^
  需要: ModConfig,Map<String,Object>
  找到:    Plugin,CleanupEventManager,Map<String,Object>
  原因: 实际参数列表和形式参数列表长度不同
D:\桌面\Aris-Sweeping\src\main\java\com\xiaoxiao\arissweeping\command\CommandFactory.java:96: 错误: 无法将类 BatchStrategyExecutionCommand中的构造器 BatchStrategyExecutionCommand应用到
给定类型;
        return new BatchStrategyExecutionCommand(strategyManager, eventManager, strategyNames, worlds, dryRun);
               ^
  需要: List<CleanupStrategy>,World
  找到:    StrategyManager,CleanupEventManager,List<String>,List<World>,boolean
  原因: 实际参数列表和形式参数列表长度不同
D:\桌面\Aris-Sweeping\src\main\java\com\xiaoxiao\arissweeping\command\CommandFactory.java:110: 错误: 无法将类 DelayedCommand中的构造器 DelayedCommand应用到给定类型;
        return new DelayedCommand(command, delayMillis);
               ^
  需要: Command,long,JavaPlugin
  找到:    Command,long
  原因: 实际参数列表和形式参数列表长度不同
D:\桌面\Aris-Sweeping\src\main\java\com\xiaoxiao\arissweeping\strategy\StrategyManager.java:378: 错误: 找不到符号
            if (strategy.shouldCleanup(entity)) {
                        ^
  符号:   方法 shouldCleanup(Entity)
  位置: 类型为CleanupStrategy的变量 strategy
D:\桌面\Aris-Sweeping\src\main\java\com\xiaoxiao\arissweeping\command\impl\DelayedCommand.java:100: 错误: 找不到符号
                        undoResult.getError(), executionTime);
                                  ^
  符号:   方法 getError()
  位置: 类型为CommandResult的变量 undoResult
注: D:\桌面\Aris-Sweeping\src\main\java\com\xiaoxiao\arissweeping\ArisSweeping.java使用或覆盖了已过时的 API。
注: 有关详细信息, 请使用 -Xlint:deprecation 重新编译。
18 个错误

> Task :compileJava FAILED

FAILURE: Build failed with an exception.

* What went wrong:
Execution failed for task ':compileJava'.
> Compilation failed; see the compiler error output for details.

* Try:
> Run with --info option to get more log output.
> Run with --scan to get full insights.

Deprecated Gradle features were used in this build, making it incompatible with Gradle 9.0.

You can use '--warning-mode all' to show the individual deprecation warnings and determine if they come from your own scripts or plugins.

For more on this, please refer to https://docs.gradle.org/8.5/userguide/command_line_interface.html#sec:command_line_warnings in the Gradle documentation.

BUILD FAILED in 8s
1 actionable task: 1 executed
