./gradlew : WARNING: A restricted method in java.lang.System has been called
所在位置 行:1 字符: 1
+ ./gradlew compileJava 2> compile_errors.txt
+ ~~~~~~~~~~~~~~~~~~~~~~~~~~~~~~~~~~~~~~~~~~~
    + CategoryInfo          : NotSpecified: (WARNING: A rest...has been called:String) [], RemoteException
    + FullyQualifiedErrorId : NativeCommandError
 
WARNING: java.lang.System::load has been called by net.rubygrapefruit.platform.internal.NativeLibraryLoader in an unnamed module (file:/C:/Users/25732/.gradle/wrapper/dists/
gradle-8.5-bin/5t9huq95ubn472n8rpzujfbqh/gradle-8.5/lib/native-platform-0.22-milestone-25.jar)
WARNING: Use --enable-native-access=ALL-UNNAMED to avoid a warning for callers in this module
WARNING: Restricted methods will be blocked in a future release unless native access is enabled

D:\桌面\Aris-Sweeping\src\main\java\com\xiaoxiao\arissweeping\config\ModConfig.java:1385: 错误: 找不到符号
    public List<String> getCleanupWorlds() {
           ^
  符号:   类 List
  位置: 类 ModConfig
D:\桌面\Aris-Sweeping\src\main\java\com\xiaoxiao\arissweeping\adaptive\AdaptiveCleanupIntegration.java:4: 错误: 找不到符号
import com.xiaoxiao.arissweeping.cleanup.EntityCleanupHandler;
                                        ^
  符号:   类 EntityCleanupHandler
  位置: 程序包 com.xiaoxiao.arissweeping.cleanup
D:\桌面\Aris-Sweeping\src\main\java\com\xiaoxiao\arissweeping\adaptive\AdaptiveCleanupIntegration.java:19: 错误: 找不到符号
    private final EntityCleanupHandler originalHandler;
                  ^
  符号:   类 EntityCleanupHandler
  位置: 类 AdaptiveCleanupIntegration
D:\桌面\Aris-Sweeping\src\main\java\com\xiaoxiao\arissweeping\chain\EntityCheckContext.java:160: 错误: 已在类 EntityCheckContext中定义了方法 setNearbyPlayers(List<Player>)
    public void setNearbyPlayers(java.util.List<org.bukkit.entity.Player> players) {
                ^
D:\桌面\Aris-Sweeping\src\main\java\com\xiaoxiao\arissweeping\strategy\CleanupStrategy.java:131: 错误: 已在类 CleanupResult中定义了方法 getErrorMessage()
        public String getErrorMessage() { 
                      ^
D:\桌面\Aris-Sweeping\src\main\java\com\xiaoxiao\arissweeping\config\ModConfig.java:1386: 错误: 找不到符号
        return getStringList("cleanup.worlds");
               ^
  符号:   方法 getStringList(String)
  位置: 类 ModConfig
D:\桌面\Aris-Sweeping\src\main\java\com\xiaoxiao\arissweeping\chain\handlers\ArrowAgeCheckHandler.java:47: 错误: 找不到符号
            context.getStats().incrementArrowsCleaned();
                              ^
  符号:   方法 incrementArrowsCleaned()
  位置: 类 CleanupStats
D:\桌面\Aris-Sweeping\src\main\java\com\xiaoxiao\arissweeping\chain\handlers\ExperienceOrbAgeCheckHandler.java:39: 错误: 找不到符号
        context.getStats().incrementExperienceOrbsCleaned();
                          ^
  符号:   方法 incrementExperienceOrbsCleaned()
  位置: 类 CleanupStats
D:\桌面\Aris-Sweeping\src\main\java\com\xiaoxiao\arissweeping\command\CommandFactory.java:51: 错误: 找不到符号
            .entities(entities)
            ^
  符号:   方法 entities(List<Entity>)
  位置: 类 Builder
D:\桌面\Aris-Sweeping\src\main\java\com\xiaoxiao\arissweeping\command\CommandFactory.java:74: 错误: 找不到符号
        return new BatchConfigUpdateCommand(plugin, eventManager, configUpdates);
                   ^
  符号:   类 BatchConfigUpdateCommand
  位置: 类 CommandFactory
D:\桌面\Aris-Sweeping\src\main\java\com\xiaoxiao\arissweeping\command\CommandFactory.java:96: 错误: 找不到符号
        return new BatchStrategyExecutionCommand(strategyManager, eventManager, strategyNames, worlds, dryRun);
                   ^
  符号:   类 BatchStrategyExecutionCommand
  位置: 类 CommandFactory
D:\桌面\Aris-Sweeping\src\main\java\com\xiaoxiao\arissweeping\command\CommandFactory.java:110: 错误: 无法将类 DelayedCommand中的构造器 DelayedCommand应用到给定类型;
        return new DelayedCommand(command, delayMillis);
               ^
  需要: Command,long,JavaPlugin
  找到:    Command,long
  原因: 实际参数列表和形式参数列表长度不同
D:\桌面\Aris-Sweeping\src\main\java\com\xiaoxiao\arissweeping\command\impl\WorldCleanupCommand.java:78: 错误: 找不到符号
                    if (strategyManager.shouldCleanupEntity(entity, enabledStrategies)) {
                                       ^
  符号:   方法 shouldCleanupEntity(Entity,Set<String>)
  位置: 类型为StrategyManager的变量 strategyManager
D:\桌面\Aris-Sweeping\src\main\java\com\xiaoxiao\arissweeping\command\impl\WorldCleanupCommand.java:91: 错误: 找不到符号
                    if (strategyManager.shouldCleanupEntity(entity, enabledStrategies)) {
                                       ^
  符号:   方法 shouldCleanupEntity(Entity,Set<String>)
  位置: 类型为StrategyManager的变量 strategyManager
D:\桌面\Aris-Sweeping\src\main\java\com\xiaoxiao\arissweeping\command\impl\StrategyExecutionCommand.java:80: 错误: 不兼容的类型: String无法转换为World
                getCommandName(), strategyName, world.getName(), entities.size(), 0, 0, true));
                                                             ^
D:\桌面\Aris-Sweeping\src\main\java\com\xiaoxiao\arissweeping\command\impl\StrategyExecutionCommand.java:90: 错误: 不兼容的类型: String无法转换为World
                getCommandName(), strategyName, world.getName(), 
                                                             ^
D:\桌面\Aris-Sweeping\src\main\java\com\xiaoxiao\arissweeping\command\impl\StrategyExecutionCommand.java:122: 错误: 无法将类 CleanupFailedEvent中的构造器 CleanupFailedEvent应用到给定类型;
            eventManager.publishEvent(new CleanupEvent.CleanupFailedEvent(
                                      ^
  需要: String,World,String,Throwable,int
  找到:    String,String,String,Exception
  原因: 实际参数列表和形式参数列表长度不同
D:\桌面\Aris-Sweeping\src\main\java\com\xiaoxiao\arissweeping\command\impl\StrategyExecutionCommand.java:342: 错误: 无法将类 CleanupStartedEvent中的构造器 CleanupStartedEvent应用到给定类型;
            eventManager.publishEvent(new CleanupEvent.CleanupStartedEvent(
                                      ^
  需要: String,World,int,String
  找到:    String,String,int
  原因: 实际参数列表和形式参数列表长度不同
D:\桌面\Aris-Sweeping\src\main\java\com\xiaoxiao\arissweeping\command\impl\StrategyExecutionCommand.java:378: 错误: 不兼容的类型: String无法转换为World
                            getCommandName(), strategyName, world.getName(),
                                                                         ^
D:\桌面\Aris-Sweeping\src\main\java\com\xiaoxiao\arissweeping\command\impl\StrategyExecutionCommand.java:394: 错误: 对于CleanupCompletedEvent(String,String,int,int,long), 找不到合适的构造
器
            eventManager.publishEvent(new CleanupEvent.CleanupCompletedEvent(
                                      ^
    构造器 CleanupCompletedEvent.CleanupCompletedEvent(String,World,int,int,long,Map<String,Integer>)不适用
      (实际参数列表和形式参数列表长度不同)
    构造器 CleanupCompletedEvent.CleanupCompletedEvent(String,World,int,int,long,long)不适用
      (实际参数列表和形式参数列表长度不同)
D:\桌面\Aris-Sweeping\src\main\java\com\xiaoxiao\arissweeping\command\impl\StrategyExecutionCommand.java:428: 错误: 无法将类 CleanupFailedEvent中的构造器 CleanupFailedEvent应用到给定类型;
            eventManager.publishEvent(new CleanupEvent.CleanupFailedEvent(
                                      ^
  需要: String,World,String,Throwable,int
  找到:    String,String,String,Exception
  原因: 实际参数列表和形式参数列表长度不同
注: D:\桌面\Aris-Sweeping\src\main\java\com\xiaoxiao\arissweeping\ArisSweeping.java使用或覆盖了已过时的 API。
注: 有关详细信息, 请使用 -Xlint:deprecation 重新编译。
注: 某些消息已经过简化; 请使用 -Xdiags:verbose 重新编译以获得完整输出
21 个错误

FAILURE: Build failed with an exception.

* What went wrong:
Execution failed for task ':compileJava'.
> Compilation failed; see the compiler error output for details.

* Try:
> Run with --info option to get more log output.
> Run with --scan to get full insights.

BUILD FAILED in 10s
